#-----------------------------------------------------------
# Vivado v2019.1 (64-bit)
# SW Build 2552052 on Fri May 24 14:49:42 MDT 2019
# IP Build 2548770 on Fri May 24 18:01:18 MDT 2019
# Start of session at: Mon Jan  6 16:22:54 2020
# Process ID: 19208
# Current directory: C:/Users/Kayode Hadilou ADJE/Downloads/creeping.xpr/creeping
# Command line: vivado.exe -gui_launcher_event rodinguilauncherevent16156 C:\Users\Kayode Hadilou ADJE\Downloads\creeping.xpr\creeping\creeping.xpr
# Log file: C:/Users/Kayode Hadilou ADJE/Downloads/creeping.xpr/creeping/vivado.log
# Journal file: C:/Users/Kayode Hadilou ADJE/Downloads/creeping.xpr/creeping\vivado.jou
#-----------------------------------------------------------
start_gui
open_project {C:/Users/Kayode Hadilou ADJE/Downloads/creeping.xpr/creeping/creeping.xpr}
launch_runs synth_1 -jobs 4
wait_on_run synth_1
launch_runs impl_1 -jobs 4
wait_on_run impl_1
launch_runs impl_1 -to_step write_bitstream -jobs 4
wait_on_run impl_1
reset_run synth_1
launch_runs impl_1 -to_step write_bitstream -jobs 4
wait_on_run impl_1
reset_run synth_1
launch_runs impl_1 -to_step write_bitstream -jobs 4
wait_on_run impl_1
reset_run synth_1
launch_runs impl_1 -to_step write_bitstream -jobs 4
wait_on_run impl_1
reset_run impl_1 -prev_step 
reset_run synth_1
launch_runs impl_1 -to_step write_bitstream -jobs 4
wait_on_run impl_1
reset_run impl_1 -prev_step 
launch_runs impl_1 -to_step write_bitstream -jobs 4
wait_on_run impl_1
reset_run synth_1
launch_runs impl_1 -to_step write_bitstream -jobs 4
wait_on_run impl_1
reset_run synth_1
launch_runs impl_1 -to_step write_bitstream -jobs 4
wait_on_run impl_1
reset_run synth_1
launch_runs impl_1 -to_step write_bitstream -jobs 4
wait_on_run impl_1
reset_run synth_1
launch_runs impl_1 -to_step write_bitstream -jobs 4
wait_on_run impl_1
launch_simulation
open_wave_config {C:/Users/Kayode Hadilou ADJE/Downloads/creeping.xpr/creeping/creeping.srcs/sim_1/imports/creeping/firstStepTest_behav.wcfg}
open_wave_config {C:/Users/Kayode Hadilou ADJE/Downloads/creeping.xpr/creeping/creeping.srcs/sim_1/imports/creeping/secondStepTest_behav.wcfg}
open_wave_config {C:/Users/Kayode Hadilou ADJE/Downloads/creeping.xpr/creeping/creeping.srcs/sim_1/imports/creeping/secondStepTest_behav1.wcfg}
open_wave_config {C:/Users/Kayode Hadilou ADJE/Downloads/creeping.xpr/creeping/creeping.srcs/sim_1/imports/creeping/thirdStepTest_behav.wcfg}
source thirdStepTest.tcl
run 20 ms
run 20 s
restart
run 20 s
synth_design -rtl -name rtl_1
archive_project {C:/Users/Kayode Hadilou ADJE/Downloads/creeping.xpr/creeping.xpr.zip} -temp_dir {C:/Users/Kayode Hadilou ADJE/Downloads/creeping.xpr/creeping/.Xil/Vivado-19208-Kayode} -force -exclude_run_results
